[www.airbnb.com/index.html]
[backblue.gif]
[fade.gif]
[index.html]
[www.airbnb.com/opensearch.xml]
[www.airbnb.com/index8260.html]
[www.airbnb.com/s/Aruba.html]
[www.airbnb.com/s/Asheville--NC3664.html]
[www.airbnb.com/s/Los-Angeles--CA.html]
[www.airbnb.com/s/Niagara-Falls--Canada.html]
[www.airbnb.com/s/Portland--OR.html]
[www.airbnb.com/s/San-Diego--CA.html]
[www.airbnb.com/s/Seattle--WA.html]
[www.airbnb.com/s/Syracuse--NY.html]
[www.airbnb.com/sitemaps.html]
[www.airbnb.com/_mailto_account.verify@airbnb.com/__account.verify@airbnb.com_/a_]
[www.airbnb.com/index.html]
[www.airbnb.com/android-app_/com.airbnb.android/airbnb/home.html]
[www.airbnb.com/manifest.html]
[www.airbnb.com/index8260.html]
[www.airbnb.com/s/Albuquerque--NM.html]
[www.airbnb.com/s/Amsterdam--Netherlands.html]
[www.airbnb.com/s/Anna-Maria-Island--FL.html]
[www.airbnb.com/s/Arubaeac6.html]
[www.airbnb.com/s/Aruba.html]
[www.airbnb.com/s/Asheville--NC4889.html]
[www.airbnb.com/s/Asheville--NC3664.html]
[www.airbnb.com/s/Aspen--CO.html]
[www.airbnb.com/s/Atlanta--GA.html]
[www.airbnb.com/s/Austin--TX.html]
[www.airbnb.com/s/Baltimore--MD.html]
[www.airbnb.com/s/Baton-Rouge--lA.html]
[www.airbnb.com/s/Bermuda.html]
[www.airbnb.com/s/Boone--NC3aad.html]
[www.airbnb.com/s/Bora-Bora--French-Polynesia.html]
[www.airbnb.com/s/Brooklyn--New-York--NY.html]
[www.airbnb.com/s/Brussels--Belgium.html]
[www.airbnb.com/s/Cancún--Mexico.html]
[www.airbnb.com/s/Cannon-Beach--OR.html]
[www.airbnb.com/s/Cape-Cod--MA.html]
[www.airbnb.com/s/Charlotte--NC.html]
[www.airbnb.com/s/Chicago--IL.html]
[www.airbnb.com/s/Cincinnati--OH.html]
[www.airbnb.com/s/Cleveland--OH.html]
[www.airbnb.com/s/Cocoa-Beach--FL.html]
[www.airbnb.com/s/Dallas--TX.html]
[www.airbnb.com/s/Daytona-Beach--FL.html]
[www.airbnb.com/s/Denver--CO.html]
[www.airbnb.com/s/Destin--FL.html]
[www.airbnb.com/s/Dubai--United-Arab-Emirates.html]
[www.airbnb.com/s/Florida--United-States.html]
[www.airbnb.com/s/Florida-Keys.html]
[www.airbnb.com/s/Fredericksburg--TX3664.html]
[www.airbnb.com/s/Gulf-Shores--AL.html]
[www.airbnb.com/s/Hawaii--United-States.html]
[www.airbnb.com/s/Hilton-Head-Island--SC.html]
[www.airbnb.com/s/Hong-Kong.html]
[www.airbnb.com/s/Houston--TX.html]
[www.airbnb.com/s/Ibiza--Spain.html]
[www.airbnb.com/s/Indianapolis--IN.html]
[www.airbnb.com/s/Istanbul--Turkey.html]
[www.airbnb.com/s/Kansas-City--MO.html]
[www.airbnb.com/s/Key-West--FL.html]
[www.airbnb.com/s/Hyogo-Prefecture--Japan.html]
[www.airbnb.com/s/Lake-Tahoe--United-States.html]
[www.airbnb.com/s/London--United-Kingdom.html]
[www.airbnb.com/s/Asheville--NC4252.html]
[www.airbnb.com/s/Los-Angeles--CA7959.html]
[www.airbnb.com/s/Los-Angeles--CA.html]
[www.airbnb.com/s/Madrid--Spain.html]
[www.airbnb.com/s/Maine--United-States.html]
[www.airbnb.com/s/Maui-County--HI.html]
[www.airbnb.com/s/Miami--FL.html]
[www.airbnb.com/s/Minneapolis--MN.html]
[www.airbnb.com/s/Myrtle-Beach--SC.html]
[www.airbnb.com/s/Nashville--TN.html]
[www.airbnb.com/s/New-Orleans--LA3664.html]
[www.airbnb.com/s/Newport--OR.html]
[www.airbnb.com/s/Los-Angeles--CAbc37.html]
[www.airbnb.com/s/Niagara-Falls--Canadaeac6.html]
[www.airbnb.com/s/Niagara-Falls--Canada.html]
[www.airbnb.com/s/Nice--France.html]
[www.airbnb.com/s/North-Myrtle-Beach--SC.html]
[www.airbnb.com/s/Oak-Island--NC.html]
[www.airbnb.com/s/Ocean-City--MD.html]
[www.airbnb.com/s/Orange-Beach--AL.html]
[www.airbnb.com/s/Orlando--FL.html]
[www.airbnb.com/s/Outer-Banks--NC.html]
[www.airbnb.com/s/O‘ahu--HI.html]
[www.airbnb.com/s/Palm-Springs--CA.html]
[www.airbnb.com/s/Panama-City--FL.html]
[www.airbnb.com/s/Phoenix--AZ.html]
[www.airbnb.com/s/Pigeon-Forge--TN3aad.html]
[www.airbnb.com/s/Pittsburgh--PA.html]
[www.airbnb.com/s/Portland--OReac6.html]
[www.airbnb.com/s/Portland--OR.html]
[www.airbnb.com/s/Puerto-Vallarta--Mexico.html]
[www.airbnb.com/s/Punta-Cana--Dominican-Republic.html]
[www.airbnb.com/s/Sacramento--CA.html]
[www.airbnb.com/s/Saint-Augustine--FL3664.html]
[www.airbnb.com/s/San-Antonio--TX.html]
[www.airbnb.com/s/San-Diego--CAeac6.html]
[www.airbnb.com/s/San-Diego--CA.html]
[www.airbnb.com/s/San-Francisco--CA.html]
[www.airbnb.com/s/Sanibel-Island--FL.html]
[www.airbnb.com/s/Santa-Barbara--CA.html]
[www.airbnb.com/s/Santa-Catalina-Island--CA.html]
[www.airbnb.com/s/Seaside--OR.html]
[www.airbnb.com/s/Seattle--WA2b88.html]
[www.airbnb.com/s/Seattle--WA.html]
[www.airbnb.com/s/Sedona--AZ3664.html]
[www.airbnb.com/s/Siesta-Key--FL.html]
[www.airbnb.com/s/Singapore.html]
[www.airbnb.com/s/Sonoma--CA.html]
[www.airbnb.com/s/South-Padre-Island--TX.html]
[www.airbnb.com/s/St-Louis--MO.html]
[www.airbnb.com/s/Sunriver--OR.html]
[www.airbnb.com/s/Seattle--WA846a.html]
[www.airbnb.com/s/Syracuse--NY5163.html]
[www.airbnb.com/s/Syracuse--NY.html]
[www.airbnb.com/s/Toronto--Canada.html]
[www.airbnb.com/s/Tybee-Island--GA.html]
[www.airbnb.com/s/Vail--CO.html]
[www.airbnb.com/s/Vancouver--Canada.html]
[www.airbnb.com/s/Virginia-Beach--VA.html]
[www.airbnb.com/s/Whistler--Canada.html]
[www.airbnb.com/s/Wilmington--NC.html]
[www.airbnb.com/terms.html]
[www.airbnb.com/terms/privacy_policy.html]
[www.airbnb.com/s/Syracuse--NY0af2.html]
[www.airbnb.com/sitemaps/DO.html]
[www.airbnb.com/sitemaps/SV.html]
[www.airbnb.com/sitemaps/ID.html]
[www.airbnb.com/sitemaps/JO.html]
[www.airbnb.com/sitemaps/MU.html]
[www.airbnb.com/sitemaps/MN.html]
[www.airbnb.com/sitemaps/MA.html]
[www.airbnb.com/sitemaps/BL.html]
[www.airbnb.com/sitemaps/TC.html]
[www.airbnb.com/sitemaps.html]
[www.airbnb.com/_mailto_account.disabled@airbnb.com/__account.disabled@airbnb.com_/a_.html]
[www.airbnb.com/_mailto_account.verify@airbnb.com/__account.verify@airbnb.com_/a_.html]
[www.airbnb.com/_/help/article/1531/_.html]
[www.airbnb.com/_/help/article/1625/_.html]
[www.airbnb.com/_mailto_account.disable@airbnb.com/__account.disable@airbnb.com_,_airlock.chargeback_appeal_android.introduction.html]
[www.airbnb.com/_mailto_account.enable@airbnb.com/__account.enable@airbnb.com_/a_.html]
[www.airbnb.com/_help/article/1237/how-does-providing-identification-on-airbnb-work/_.html]
[www.airbnb.com/s/Arubaeac6.html]
[www.airbnb.com/s/android-app_/com.airbnb.android/airbnb/s/Aruba.html]
[www.airbnb.com/s/_mailto_account.disabled@airbnb.com/__account.disabled@airbnb.com_/a_.html]
[www.airbnb.com/s/_mailto_account.verify@airbnb.com/__account.verify@airbnb.com_/a_.html]
[www.airbnb.com/s/_mailto_account.disable@airbnb.com/__account.disable@airbnb.com_,_airlock.chargeback_appeal_android.introduction.html]
[www.airbnb.com/s/_mailto_account.enable@airbnb.com/__account.enable@airbnb.com_/a_.html]
[www.airbnb.com/s/Asheville--NC4889.html]
[www.airbnb.com/s/Asheville--NC4252.html]
[www.airbnb.com/s/Los-Angeles--CA7959.html]
[www.airbnb.com/s/Los-Angeles--CAbc37.html]
[www.airbnb.com/s/Niagara-Falls--Canadaeac6.html]
[www.airbnb.com/s/android-app_/com.airbnb.android/airbnb/s/Niagara-Falls--Canada.html]
[www.airbnb.com/s/Portland--OReac6.html]
[www.airbnb.com/s/android-app_/com.airbnb.android/airbnb/s/Portland--OR.html]
[www.airbnb.com/s/San-Diego--CAeac6.html]
[www.airbnb.com/s/android-app_/com.airbnb.android/airbnb/s/San-Diego--CA.html]
[www.airbnb.com/s/Seattle--WA2b88.html]
[www.airbnb.com/s/Seattle--WA846a.html]
[www.airbnb.com/s/Syracuse--NY5163.html]
[www.airbnb.com/s/Syracuse--NY0af2.html]
[www.airbnb.com/locations.html]
[www.airbnb.com/wishlists.html]
[www.airbnb.com/sitemaps/social-media.html]
[www.airbnb.com/sitemaps/localized.html]
[www.airbnb.com/sitemaps/AL.html]
[www.airbnb.com/sitemaps/DZ.html]
[www.airbnb.com/sitemaps/AD.html]
[www.airbnb.com/sitemaps/AI.html]
[www.airbnb.com/sitemaps/AG.html]
[www.airbnb.com/sitemaps/AR.html]
[www.airbnb.com/sitemaps/AM.html]
[www.airbnb.com/sitemaps/AW.html]
[www.airbnb.com/sitemaps/AU.html]
[www.airbnb.com/sitemaps/AT.html]
[www.airbnb.com/sitemaps/AZ.html]
[www.airbnb.com/sitemaps/BS.html]
[www.airbnb.com/sitemaps/BH.html]
[www.airbnb.com/sitemaps/BD.html]
[www.airbnb.com/sitemaps/BB.html]
[www.airbnb.com/sitemaps/BY.html]
[www.airbnb.com/sitemaps/BE.html]
[www.airbnb.com/sitemaps/BZ.html]
[www.airbnb.com/sitemaps/BJ.html]
[www.airbnb.com/sitemaps/BM.html]
[www.airbnb.com/sitemaps/BO.html]
[www.airbnb.com/sitemaps/BA.html]
[www.airbnb.com/sitemaps/BW.html]
[www.airbnb.com/sitemaps/BR.html]
[www.airbnb.com/sitemaps/VG.html]
[www.airbnb.com/sitemaps/BG.html]
[www.airbnb.com/sitemaps/KH.html]
[www.airbnb.com/sitemaps/CM.html]
[www.airbnb.com/sitemaps/CA.html]
[www.airbnb.com/sitemaps/CV.html]
[www.airbnb.com/sitemaps/BQ.html]
[www.airbnb.com/sitemaps/KY.html]
[www.airbnb.com/sitemaps/CL.html]
[www.airbnb.com/sitemaps/CN.html]
[www.airbnb.com/sitemaps/CO.html]
[www.airbnb.com/sitemaps/CK.html]
[www.airbnb.com/sitemaps/CR.html]
[www.airbnb.com/sitemaps/HR.html]
[www.airbnb.com/sitemaps/CW.html]
[www.airbnb.com/sitemaps/CY.html]
[www.airbnb.com/sitemaps/CZ.html]
[www.airbnb.com/sitemaps/DK.html]
[www.airbnb.com/sitemaps/DM.html]
[www.airbnb.com/s/Gurabo--Santiago-De-Los-Caballeros--Dominican-Republic.html]
[www.airbnb.com/sitemaps/DO.html]
[www.airbnb.com/sitemaps/EC.html]
[www.airbnb.com/sitemaps/EG.html]
[www.airbnb.com/sitemaps/sv-2.html]
[www.airbnb.com/s/Juayua--El-Salvador.html]
[www.airbnb.com/s/Los-Cobanos--El-Salvador.html]
[www.airbnb.com/s/Morazán-Department--El-Salvador.html]
[www.airbnb.com/sitemaps/SV.html]
[www.airbnb.com/sitemaps/EE.html]
[www.airbnb.com/sitemaps/ET.html]
[www.airbnb.com/sitemaps/FO.html]
[www.airbnb.com/sitemaps/FJ.html]
[www.airbnb.com/sitemaps/FI.html]
[www.airbnb.com/sitemaps/FR.html]
[www.airbnb.com/sitemaps/GF.html]
[www.airbnb.com/sitemaps/PF.html]
[www.airbnb.com/sitemaps/GM.html]
[www.airbnb.com/sitemaps/GE.html]
[www.airbnb.com/sitemaps/DE.html]
[www.airbnb.com/sitemaps/GH.html]
[www.airbnb.com/sitemaps/GR.html]
[www.airbnb.com/sitemaps/GD.html]
[www.airbnb.com/sitemaps/GP.html]
[www.airbnb.com/sitemaps/GU.html]
[www.airbnb.com/sitemaps/GT.html]
[www.airbnb.com/sitemaps/HT.html]
[www.airbnb.com/sitemaps/HN.html]
[www.airbnb.com/sitemaps/HK.html]
[www.airbnb.com/sitemaps/HU.html]
[www.airbnb.com/sitemaps/IS.html]
[www.airbnb.com/sitemaps/IN.html]
[www.airbnb.com/sitemaps/id-2.html]
[www.airbnb.com/s/Ampel--Indonesia.html]
[www.airbnb.com/s/Antapani--Indonesia.html]
[www.airbnb.com/s/Astanaanyar--Indonesia.html]
[www.airbnb.com/s/Bantul--Indonesia.html]
[www.airbnb.com/s/Batam-City--Indonesia.html]
[www.airbnb.com/s/Belitung--Indonesia.html]
[www.airbnb.com/sitemaps/ID.html]
[www.airbnb.com/sitemaps/IE.html]
[www.airbnb.com/sitemaps/IM.html]
[www.airbnb.com/sitemaps/IL.html]
[www.airbnb.com/sitemaps/IT.html]
[www.airbnb.com/sitemaps/CI.html]
[www.airbnb.com/sitemaps/JM.html]
[www.airbnb.com/sitemaps/JP.html]
[www.airbnb.com/sitemaps/JE.html]
[www.airbnb.com/sitemaps/jo-2.html]
[www.airbnb.com/s/Irbid--Jordan.html]
[www.airbnb.com/sitemaps/JO.html]
[www.airbnb.com/sitemaps/KZ.html]
[www.airbnb.com/sitemaps/KE.html]
[www.airbnb.com/sitemaps/KG.html]
[www.airbnb.com/sitemaps/LA.html]
[www.airbnb.com/sitemaps/LV.html]
[www.airbnb.com/sitemaps/LB.html]
[www.airbnb.com/sitemaps/LI.html]
[www.airbnb.com/sitemaps/LT.html]
[www.airbnb.com/sitemaps/LU.html]
[www.airbnb.com/sitemaps/MK.html]
[www.airbnb.com/sitemaps/MG.html]
[www.airbnb.com/sitemaps/MY.html]
[www.airbnb.com/sitemaps/MV.html]
[www.airbnb.com/sitemaps/MT.html]
[www.airbnb.com/sitemaps/MQ.html]
[www.airbnb.com/sitemaps/mu-2.html]
[www.airbnb.com/s/Pereybere--Grand-Baie--Mauritius.html]
[www.airbnb.com/s/Petit-Raffray--Mauritius.html]
[www.airbnb.com/sitemaps/MU.html]
[www.airbnb.com/sitemaps/MX.html]
[www.airbnb.com/sitemaps/MD.html]
[www.airbnb.com/sitemaps/mn-2.html]
[www.airbnb.com/sitemaps/MN.html]
[www.airbnb.com/sitemaps/ME.html]
[www.airbnb.com/sitemaps/ma-2.html]
[www.airbnb.com/s/Ahl-Agadir--Essaouira--Morocco.html]
[www.airbnb.com/s/Ain-El-Aouda--Morocco.html]
[www.airbnb.com/s/Aouchtame-Bni-Said--Morocco.html]
[www.airbnb.com/s/Aoufous--Morocco.html]
[www.airbnb.com/s/Azemmour--Morocco.html]
[www.airbnb.com/s/Chefchaouen--Morocco.html]
[www.airbnb.com/sitemaps/MA.html]
[www.airbnb.com/sitemaps/MZ.html]
[www.airbnb.com/sitemaps/MM.html]
[www.airbnb.com/sitemaps/NA.html]
[www.airbnb.com/sitemaps/NP.html]
[www.airbnb.com/sitemaps/NL.html]
[www.airbnb.com/sitemaps/NC.html]
[www.airbnb.com/sitemaps/NZ.html]
[www.airbnb.com/sitemaps/NI.html]
[www.airbnb.com/sitemaps/NG.html]
[www.airbnb.com/sitemaps/MP.html]
[www.airbnb.com/sitemaps/NO.html]
[www.airbnb.com/sitemaps/OM.html]
[www.airbnb.com/sitemaps/PK.html]
[www.airbnb.com/sitemaps/PA.html]
[www.airbnb.com/sitemaps/PY.html]
[www.airbnb.com/sitemaps/PE.html]
[www.airbnb.com/sitemaps/PH.html]
[www.airbnb.com/sitemaps/PL.html]
[www.airbnb.com/sitemaps/PT.html]
[www.airbnb.com/sitemaps/PR.html]
[www.airbnb.com/sitemaps/QA.html]
[www.airbnb.com/sitemaps/RO.html]
[www.airbnb.com/sitemaps/RU.html]
[www.airbnb.com/sitemaps/RW.html]
[www.airbnb.com/sitemaps/RE.html]
[www.airbnb.com/s/Plage-de-Marigot--Saint-Barthélemy.html]
[www.airbnb.com/sitemaps/BL.html]
[www.airbnb.com/sitemaps/KN.html]
[www.airbnb.com/sitemaps/LC.html]
[www.airbnb.com/sitemaps/MF.html]
[www.airbnb.com/sitemaps/VC.html]
[www.airbnb.com/sitemaps/SA.html]
[www.airbnb.com/sitemaps/SN.html]
[www.airbnb.com/sitemaps/RS.html]
[www.airbnb.com/sitemaps/SC.html]
[www.airbnb.com/sitemaps/SG.html]
[www.airbnb.com/sitemaps/SX.html]
[www.airbnb.com/sitemaps/SK.html]
[www.airbnb.com/sitemaps/SI.html]
[www.airbnb.com/sitemaps/ZA.html]
[www.airbnb.com/sitemaps/KR.html]
[www.airbnb.com/sitemaps/ES.html]
[www.airbnb.com/sitemaps/LK.html]
[www.airbnb.com/sitemaps/SR.html]
[www.airbnb.com/sitemaps/SE.html]
[www.airbnb.com/sitemaps/CH.html]
[www.airbnb.com/sitemaps/TW.html]
[www.airbnb.com/sitemaps/TZ.html]
[www.airbnb.com/sitemaps/TH.html]
[www.airbnb.com/sitemaps/TT.html]
[www.airbnb.com/sitemaps/TN.html]
[www.airbnb.com/sitemaps/TR.html]
[www.airbnb.com/sitemaps/tc-2.html]
[www.airbnb.com/sitemaps/TC.html]
[www.airbnb.com/sitemaps/VI.html]
[www.airbnb.com/sitemaps/UG.html]
[www.airbnb.com/sitemaps/UA.html]
[www.airbnb.com/sitemaps/AE.html]
[www.airbnb.com/sitemaps/GB.html]
[www.airbnb.com/sitemaps/US.html]
[www.airbnb.com/sitemaps/UY.html]
[www.airbnb.com/sitemaps/VU.html]
[www.airbnb.com/sitemaps/VE.html]
[www.airbnb.com/sitemaps/VN.html]
[www.airbnb.com/sitemaps/ZW.html]
[www.airbnb.com/sitemaps/do-2.html]
[www.airbnb.com/s/Altagracia--Dominican-Republic.html]
[www.airbnb.com/s/Altamira--Dominican-Republic.html]
[www.airbnb.com/s/Andrés--Dominican-Republic.html]
[www.airbnb.com/s/Arroyo-Hondo--Santiago-De-Los-Caballeros--Dominican-Republic.html]
[www.airbnb.com/s/Azua-Province--Dominican-Republic.html]
[www.airbnb.com/s/Bajos-de-Haina--Dominican-Republic.html]
[www.airbnb.com/s/Balandra--Dominican-Republic.html]
[www.airbnb.com/s/Bani--Dominican-Republic.html]
[www.airbnb.com/s/Barahona-Province--Dominican-Republic.html]
[www.airbnb.com/s/Bavaro-Beach--Dominican-Republic.html]
[www.airbnb.com/s/Bayaguana--Dominican-Republic.html]
[www.airbnb.com/s/Bayahibe--Dominican-Republic.html]
[www.airbnb.com/s/Boca-Chica--Dominican-Republic.html]
[www.airbnb.com/s/Boca-de-Yuma--Dominican-Republic.html]
[www.airbnb.com/s/Bonao--Dominican-Republic.html]
[www.airbnb.com/s/Bávaro--Bávaro--Dominican-Republic.html]
[www.airbnb.com/s/Bávaro--Dominican-Republic.html]
[www.airbnb.com/s/Bávaro--Punta-Cana--Dominican-Republic.html]
[www.airbnb.com/s/Cabarete--Dominican-Republic.html]
[www.airbnb.com/s/Cabrera--Dominican-Republic.html]
[www.airbnb.com/s/Cambita-Garabitos--Dominican-Republic.html]
[www.airbnb.com/s/Cofresi--Dominican-Republic.html]
[www.airbnb.com/s/Constanza--Dominican-Republic.html]
[www.airbnb.com/s/Cortecito-Beach--Dominican-Republic.html]
[www.airbnb.com/s/Coson--Dominican-Republic.html]
[www.airbnb.com/s/Costambar--Puerto-Plata--Dominican-Republic.html]
[www.airbnb.com/s/Cotui--Dominican-Republic.html]
[www.airbnb.com/s/Cumayasa--Dominican-Republic.html]
[www.airbnb.com/s/Cupey--Dominican-Republic.html]
[www.airbnb.com/s/Distrito-Nacional--Dominican-Republic.html]
[www.airbnb.com/s/Dominicus--Dominican-Republic.html]
[www.airbnb.com/s/El-Batey--Sosúa--Dominican-Republic.html]
[www.airbnb.com/s/El-Cortecito--Punta-Cana--Dominican-Republic.html]
[www.airbnb.com/s/El-Limón--Dominican-Republic.html]
[www.airbnb.com/s/El-Seibo-Province--Dominican-Republic.html]
[www.airbnb.com/s/El-Seibo--Dominican-Republic.html]
[www.airbnb.com/s/Engombe--Engombe--Dominican-Republic.html]
[www.airbnb.com/s/Ensanche-La-Fe--Santo-Domingo--Dominican-Republic.html]
[www.airbnb.com/s/Ensanche-Naco--Santo-Domingo--Dominican-Republic.html]
[www.airbnb.com/s/Ensanche-Quisqueya--Santo-Domingo--Dominican-Republic.html]
[www.airbnb.com/s/Espaillat-Province--Dominican-Republic.html]
[www.airbnb.com/s/Gascue--Santo-Domingo--Dominican-Republic.html]
[www.airbnb.com/s/Gaspar-Hernandez--Dominican-Republic.html]
[www.airbnb.com/s/Guayacanes--Dominican-Republic.html]
[www.airbnb.com/s/Gurabo--Santiago-De-Los-Caballeros--Dominican-Republiceac6.html]
[www.airbnb.com/s/Gurabo--Santiago-De-Los-Caballeros--Dominican-Republic.html]
[www.airbnb.com/s/Hato-Mayor-del-Rey--Dominican-Republic.html]
[www.airbnb.com/s/Hato-Nuevo--Dominican-Republic.html]
[www.airbnb.com/s/Hato-del-Yaque--Dominican-Republic.html]
[www.airbnb.com/s/Higuero--Santo-Domingo--Dominican-Republic.html]
[www.airbnb.com/s/Higuey--Dominican-Republic.html]
[www.airbnb.com/s/Imbert--Dominican-Republic.html]
[www.airbnb.com/s/Inoa--Dominican-Republic.html]
[www.airbnb.com/s/Isla-Catalina--Dominican-Republic.html]
[www.airbnb.com/s/Jamao-al-Norte--Dominican-Republic.html]
[www.airbnb.com/s/Jarabacoa--Dominican-Republic.html]
[www.airbnb.com/s/Juan-Dolio--Dominican-Republic.html]
[www.airbnb.com/s/Juan-Pablo-Duarte--Santo-Domingo--Dominican-Republic.html]
[www.airbnb.com/s/Juanillo--Dominican-Republic.html]
[www.airbnb.com/s/Kite-Beach--Dominican-Republic.html]
[www.airbnb.com/s/La-Altagracia-Province--Dominican-Republic.html]
[www.airbnb.com/s/La-Canela--Dominican-Republic.html]
[www.airbnb.com/s/La-Catalina--Dominican-Republic.html]
[www.airbnb.com/s/La-Isabela--Dominican-Republic.html]
[www.airbnb.com/s/La-Isabelita--Santo-Domingo-Este--Dominican-Republic.html]
[www.airbnb.com/s/La-Pista--Dominican-Republic.html]
[www.airbnb.com/s/La-Romana-Province--Dominican-Republic.html]
[www.airbnb.com/s/La-Romana--Dominican-Republic.html]
[www.airbnb.com/s/La-Vega-Province--Dominican-Republic.html]
[www.airbnb.com/s/La-Vega--Dominican-Republic.html]
[www.airbnb.com/s/Laguna-de-Cabarete--Dominican-Republic.html]
[www.airbnb.com/s/Las-Canas--Dominican-Republic.html]
[www.airbnb.com/s/Las-Galeras--Dominican-Republic.html]
[www.airbnb.com/s/Las-Terrenas--Dominican-Republic.html]
[www.airbnb.com/s/Los-Alcarrizos--Dominican-Republic.html]
[www.airbnb.com/s/Los-Cacaos--Dominican-Republic.html]
[www.airbnb.com/s/Los-Corales-beach-Bavaro--Dominican-Republic.html]
[www.airbnb.com/s/Los-Mameyes--Santo-Domingo-Este--Dominican-Republic.html]
[www.airbnb.com/s/Los-Melones--Dominican-Republic.html]
[www.airbnb.com/s/Los-Puentes--Dominican-Republic.html]
[www.airbnb.com/s/Los-Yayales--Dominican-Republic.html]
[www.airbnb.com/s/Macao--Punta-Cana--Dominican-Republic.html]
[www.airbnb.com/s/Maimon--Dominican-Republic.html]
[www.airbnb.com/s/Manabao--Dominican-Republic.html]
[www.airbnb.com/s/Mano-Juan--Dominican-Republic.html]
[www.airbnb.com/s/Mao--Dominican-Republic.html]
[www.airbnb.com/s/María-Trinidad-Sánchez-Province--Dominican-Republic.html]
[www.airbnb.com/s/Miches--Dominican-Republic.html]
[www.airbnb.com/s/Miramar--Santo-Domingo--Dominican-Republic.html]
[www.airbnb.com/s/Moca--Dominican-Republic.html]
[www.airbnb.com/s/Moncion--Dominican-Republic.html]
[www.airbnb.com/s/Monte-Cristi-Province--Dominican-Republic.html]
[www.airbnb.com/s/Monte-Plata--Dominican-Republic.html]
[www.airbnb.com/s/Montellano--Dominican-Republic.html]
[www.airbnb.com/s/Muñoz--Puerto-Plata--Dominican-Republic.html]
[www.airbnb.com/s/Nagua--Dominican-Republic.html]
[www.airbnb.com/s/Nizao--Dominican-Republic.html]
[www.airbnb.com/s/Nuevo-Arroyo-Hondo--Santo-Domingo--Dominican-Republic.html]
[www.airbnb.com/s/Pantoja--Dominican-Republic.html]
[www.airbnb.com/s/Pedernales-Province--Dominican-Republic.html]
[www.airbnb.com/sitemaps/do2679.html]
[www.airbnb.com/sitemaps/do4658.html]
[www.airbnb.com/sitemaps/_mailto_account.disabled@airbnb.com/__account.disabled@airbnb.com_/a_.html]
[www.airbnb.com/sitemaps/_mailto_account.verify@airbnb.com/__account.verify@airbnb.com_/a_.html]
[www.airbnb.com/sitemaps/_mailto_account.disable@airbnb.com/__account.disable@airbnb.com_,_airlock.chargeback_appeal_android.introduction.html]
[www.airbnb.com/sitemaps/_mailto_account.enable@airbnb.com/__account.enable@airbnb.com_/a_.html]
[www.airbnb.com/sitemaps/sv-2.html]
[www.airbnb.com/s/Antiguo-Cuscatlán--Antiguo-Cuscatlán--El-Salvador.html]
[www.airbnb.com/s/Apaneca--El-Salvador.html]
[www.airbnb.com/s/Cabañas-Department--El-Salvador.html]
[www.airbnb.com/s/Caluco--El-Salvador.html]
[www.airbnb.com/s/Chalatenango--El-Salvador.html]
[www.airbnb.com/s/Chalchuapa--El-Salvador.html]
[www.airbnb.com/s/Ciudad-Merliot--El-Salvador.html]
[www.airbnb.com/s/Coatepeque-Caldera--El-Salvador.html]
[www.airbnb.com/s/Coatepeque--El-Salvador.html]
[www.airbnb.com/s/Comasagua--El-Salvador.html]
[www.airbnb.com/s/El-Cuco--El-Salvador.html]
[www.airbnb.com/s/El-Sunzal--El-Salvador.html]
[www.airbnb.com/s/El-Zonte--El-Salvador.html]
[www.airbnb.com/s/Guazapa--El-Salvador.html]
[www.airbnb.com/s/Juayua--El-Salvador.html]
[www.airbnb.com/s/La-Libertad-Department--El-Salvador.html]
[www.airbnb.com/s/La-Libertad--El-Salvador.html]
[www.airbnb.com/s/La-Palma--El-Salvador.html]
[www.airbnb.com/s/La-Paz-Department--El-Salvador.html]
[www.airbnb.com/s/La-Paz--El-Salvador.html]
[www.airbnb.com/s/Lake-Ilopango--El-Salvador.html]
[www.airbnb.com/s/Los-Cobanos--El-Salvadoreac6.html]
[www.airbnb.com/s/Los-Cobanos--El-Salvador.html]
[www.airbnb.com/s/Los-Naranjos--El-Salvador.html]
[www.airbnb.com/s/Metallo--El-Salvador.html]
[www.airbnb.com/s/Metapan--El-Salvador.html]
[www.airbnb.com/s/Morazán-Department--El-Salvadoreac6.html]
[www.airbnb.com/s/Morazán-Department--El-Salvador.html]
[www.airbnb.com/s/Nuevo-Cuscatlán--El-Salvador.html]
[www.airbnb.com/s/Opico--El-Salvador.html]
[www.airbnb.com/s/Planes-de-Renderos--El-Salvador.html]
[www.airbnb.com/s/Playa-El-Majahual--El-Salvador.html]
[www.airbnb.com/s/Playa-El-Pimental--El-Salvador.html]
[www.airbnb.com/s/Playa-San-Blas--El-Salvador.html]
[www.airbnb.com/s/Quezaltepeque--El-Salvador.html]
[www.airbnb.com/s/San-Alfredo--El-Salvador.html]
[www.airbnb.com/s/San-José-Villanueva--El-Salvador.html]
[www.airbnb.com/s/San-Pedro-Perulapán--El-Salvador.html]
[www.airbnb.com/s/San-Salvador--El-Salvador.html]
[www.airbnb.com/s/San-Salvador--San-Salvador--El-Salvador.html]
[www.airbnb.com/s/Santa-Ana--El-Salvador.html]
[www.airbnb.com/s/Santa-Tecla--El-Salvador.html]
[www.airbnb.com/s/Santiago-Texacuangos--El-Salvador.html]
[www.airbnb.com/s/Sitio-del-Niño--El-Salvador.html]
[www.airbnb.com/s/Sonsonate-Department--El-Salvador.html]
[www.airbnb.com/s/Sonsonate--El-Salvador.html]
[www.airbnb.com/s/Suchitoto--El-Salvador.html]
[www.airbnb.com/s/Tamanique--El-Salvador.html]
[www.airbnb.com/s/Taquillo--El-Salvador.html]
[www.airbnb.com/s/Usulutan--El-Salvador.html]
[www.airbnb.com/s/Zaragoza--El-Salvador.html]
[www.airbnb.com/sitemaps/id-2.html]
[www.airbnb.com/s/Abang--Indonesia.html]
[www.airbnb.com/s/Abiansemal--Indonesia.html]
[www.airbnb.com/s/Aceh--Indonesia.html]
[www.airbnb.com/s/Aikmel--Indonesia.html]
[www.airbnb.com/s/Ambarawa--Indonesia.html]
[www.airbnb.com/s/Amed-Beach--Indonesia.html]
[www.airbnb.com/s/Amlapura--Indonesia.html]
[www.airbnb.com/s/Ampel--Indonesiaeac6.html]
[www.airbnb.com/s/android-app_/com.airbnb.android/airbnb/s/Ampel--Indonesia]
[www.airbnb.com/s/Ampel--Indonesia.html]
[www.airbnb.com/s/Amurang--Indonesia.html]
[www.airbnb.com/s/Andir--Indonesia.html]
[www.airbnb.com/s/Antapani--Indonesia.html]
[www.airbnb.com/s/Anyar--Indonesia.html]
[www.airbnb.com/s/Arcamanik--Indonesia.html]
[www.airbnb.com/s/Astanaanyar--Indonesia.html]
[www.airbnb.com/s/Babakan-Ciparay--Indonesia.html]
[www.airbnb.com/s/Babakan-Madang--Indonesia.html]
[www.airbnb.com/s/Babakancikao--Indonesia.html]
[www.airbnb.com/s/Babat--Indonesia.html]
[www.airbnb.com/s/Babelan--Indonesia.html]
[www.airbnb.com/s/Badung-Regency--Indonesia.html]
[www.airbnb.com/s/Badung--Indonesia.html]
[www.airbnb.com/s/Balangan-Beach--Indonesia.html]
[www.airbnb.com/s/Balangan-Regency--Indonesia.html]
[www.airbnb.com/s/Balaraja--Indonesia.html]
[www.airbnb.com/s/Baleendah--Indonesia.html]
[www.airbnb.com/s/Bali--Indonesia.html]
[www.airbnb.com/s/Balikpapan--Indonesia.html]
[www.airbnb.com/s/Bandung-City--Indonesia.html]
[www.airbnb.com/s/Bandung-Kidul--Indonesia.html]
[www.airbnb.com/s/Bandung-Metropolitan-Area--Indonesia.html]
[www.airbnb.com/s/Bandung-Wetan--Indonesia.html]
[www.airbnb.com/s/Bandung--Indonesia.html]
[www.airbnb.com/s/Bandungan--Indonesia.html]
[www.airbnb.com/s/Bangil--Indonesia.html]
[www.airbnb.com/s/Bangka-Regency--Indonesia.html]
[www.airbnb.com/s/Bangkalan--Indonesia.html]
[www.airbnb.com/s/Bangli-Regency--Indonesia.html]
[www.airbnb.com/s/Bangli-Sub_District--Indonesia.html]
[www.airbnb.com/s/Bangli--Indonesia.html]
[www.airbnb.com/s/Banguntapan--Indonesia.html]
[www.airbnb.com/s/Banjar--Indonesia.html]
[www.airbnb.com/s/Banjaran--Indonesia.html]
[www.airbnb.com/s/Banjarangkan--Indonesia.html]
[www.airbnb.com/s/Banjarsari--Indonesia.html]
[www.airbnb.com/s/Banten--Indonesia.html]
[www.airbnb.com/s/Bantul-Regency--Indonesia.html]
[www.airbnb.com/s/Bantul--Indonesiaeac6.html]
[www.airbnb.com/s/android-app_/com.airbnb.android/airbnb/s/Bantul--Indonesia]
[www.airbnb.com/s/Bantul--Indonesia.html]
[www.airbnb.com/s/Banyumas-Regency--Indonesia.html]
[www.airbnb.com/s/Banyuwangi-Regency--Indonesia.html]
[www.airbnb.com/s/Banyuwangi--Indonesia.html]
[www.airbnb.com/s/Barru-Regency--Indonesia.html]
[www.airbnb.com/s/Batam-City--Indonesiaeac6.html]
[www.airbnb.com/s/Batam-City--Indonesia.html]
[www.airbnb.com/s/Batam-Island--Indonesia.html]
[www.airbnb.com/s/Batam-Kota--Indonesia.html]
[www.airbnb.com/s/Batam--Indonesia.html]
[www.airbnb.com/s/Batanghari-Leko--Indonesia.html]
[www.airbnb.com/s/Batu-Ampar--Indonesia.html]
[www.airbnb.com/s/Batu-Bolong-Beach--Indonesia.html]
[www.airbnb.com/s/Batu-City--Indonesia.html]
[www.airbnb.com/s/Batu-Layar--Indonesia.html]
[www.airbnb.com/s/Batu-Sub_District--Indonesia.html]
[www.airbnb.com/s/Batu--Indonesia.html]
[www.airbnb.com/s/Batuceper--Indonesia.html]
[www.airbnb.com/s/Batujajar--Indonesia.html]
[www.airbnb.com/s/Batukliang--Indonesia.html]
[www.airbnb.com/s/Batununggal--Indonesia.html]
[www.airbnb.com/s/Baturaden--Indonesia.html]
[www.airbnb.com/s/Baturiti--Indonesia.html]
[www.airbnb.com/s/Bayah--Indonesia.html]
[www.airbnb.com/s/Bayan--Indonesia.html]
[www.airbnb.com/s/Bebandem--Indonesia.html]
[www.airbnb.com/s/Bedoegoel--Indonesia.html]
[www.airbnb.com/s/Beji--Indonesia.html]
[www.airbnb.com/s/Bekasi--Indonesia.html]
[www.airbnb.com/s/Belitung-Regency--Indonesia.html]
[www.airbnb.com/s/Belitung--Indonesia.html]
[www.airbnb.com/s/Benda--Indonesia.html]
[www.airbnb.com/s/Bengkong--Indonesia.html]
[www.airbnb.com/s/Berastagi--Indonesia.html]
[www.airbnb.com/s/Berawa-Beach--Indonesia.html]
[www.airbnb.com/s/Berbah--Indonesia.html]
[www.airbnb.com/s/Besakih--Indonesia.html]
[www.airbnb.com/s/Bingin-Beach--Indonesia.html]
[www.airbnb.com/s/Binjai--Indonesia.html]
[www.airbnb.com/s/Bintan-Island--Indonesia.html]
[www.airbnb.com/s/Bintan-Pesisir--Indonesia.html]
[www.airbnb.com/s/Bintan-Regency--Indonesia.html]
[www.airbnb.com/s/Bitung--Indonesia.html]
[www.airbnb.com/s/Blahbatuh--Indonesia.html]
[www.airbnb.com/s/Blitar--Indonesia.html]
[www.airbnb.com/s/Blora-Regency--Indonesia.html]
[www.airbnb.com/s/Bogor--Indonesia.html]
[www.airbnb.com/s/Bojonegoro-Regency--Indonesia.html]
[www.airbnb.com/s/Bojong-Gede--Indonesia.html]
[www.airbnb.com/s/Bojong--Indonesia.html]
[www.airbnb.com/s/Bojongloa-Kaler--Indonesia.html]
[www.airbnb.com/s/Bojongloa-Kidul--Indonesia.html]
[www.airbnb.com/s/Bojongsoang--Indonesia.html]
[www.airbnb.com/s/Bone-Regency--Indonesia.html]
[www.airbnb.com/sitemaps/id2679.html]
[www.airbnb.com/sitemaps/id4658.html]
[www.airbnb.com/sitemaps/id9ba9.html]
[www.airbnb.com/sitemaps/idfdb0.html]
[www.airbnb.com/sitemaps/idaf4d.html]
[www.airbnb.com/sitemaps/idc575.html]
[www.airbnb.com/sitemaps/id235c.html]
[www.airbnb.com/sitemaps/idfdfa.html]
[www.airbnb.com/sitemaps/jo-2.html]
[www.airbnb.com/s/Al-Abdali--Amman--Jordan.html]
[www.airbnb.com/s/Al-Jubeiha--Amman--Jordan.html]
[www.airbnb.com/s/Amman-Governorate--Jordan.html]
[www.airbnb.com/s/Amman--Jordan.html]
[www.airbnb.com/s/Aqaba-Governorate--Jordan.html]
[www.airbnb.com/s/Aqaba--Jordan.html]
[www.airbnb.com/s/As_Salt--Jordan.html]
[www.airbnb.com/s/Az_Zarqa--Jordan.html]
[www.airbnb.com/s/Balqa-Governorate--Jordan.html]
[www.airbnb.com/s/Fuheis--Jordan.html]
[www.airbnb.com/s/Irbid--Jordan.html]
[www.airbnb.com/s/Jerash-Governorate--Jordan.html]
[www.airbnb.com/s/Jerash--Jordan.html]
[www.airbnb.com/s/Ma'an-Governorate--Jordan.html]
[www.airbnb.com/s/Madaba--Jordan.html]
[www.airbnb.com/s/Mafraq-Governorate--Jordan.html]
[www.airbnb.com/s/Shafa-Badran--Amman--Jordan.html]
[www.airbnb.com/s/Sweileh--Amman--Jordan.html]
[www.airbnb.com/s/Tla-al_Ali--Amman--Jordan.html]
[www.airbnb.com/s/Umm-Qais--Jordan.html]
[www.airbnb.com/s/Wadi-As_Seir--Amman--Jordan.html]
[www.airbnb.com/s/Wadi-Musa--Jordan.html]
[www.airbnb.com/s/Wadi-Rum-Village--Jordan.html]
[www.airbnb.com/s/Zahran--Amman--Jordan.html]
[www.airbnb.com/sitemaps/mu-2.html]
[www.airbnb.com/s/Albion--Mauritius.html]
[www.airbnb.com/s/Arsenal--Mauritius.html]
[www.airbnb.com/s/Baie-du-Cap--Mauritius.html]
[www.airbnb.com/s/Bain-Boeuf--Cap-Malheureux--Mauritius.html]
[www.airbnb.com/s/Balaclava--Mauritius.html]
[www.airbnb.com/s/Bambous--Mauritius.html]
[www.airbnb.com/s/Beau-Bassin_Rose-Hill--Mauritius.html]
[www.airbnb.com/s/Beau-Champ--Mauritius.html]
[www.airbnb.com/s/Bel-Air--Mauritius.html]
[www.airbnb.com/s/Bel-Ombre--Mauritius.html]
[www.airbnb.com/s/Belle-Mare--Quatre-Cocos--Mauritius.html]
[www.airbnb.com/s/Black-River--Mauritius.html]
[www.airbnb.com/s/Blue-Bay--Mauritius.html]
[www.airbnb.com/s/Bois-Cheri--Mauritius.html]
[www.airbnb.com/s/Bois-des-Amourettes--Mauritius.html]
[www.airbnb.com/s/Britannia--Mauritius.html]
[www.airbnb.com/s/Calodyne--Mauritius.html]
[www.airbnb.com/s/Camp-Diable--Mauritius.html]
[www.airbnb.com/s/Cap-Malheureux--Mauritius.html]
[www.airbnb.com/s/Carreau-Accacia--Mauritius.html]
[www.airbnb.com/s/Cascavelle--Mauritius.html]
[www.airbnb.com/s/Case-Noyale--Mauritius.html]
[www.airbnb.com/s/Central-Flacq--Mauritius.html]
[www.airbnb.com/s/Chamarel--Mauritius.html]
[www.airbnb.com/s/Chemin-Grenier--Mauritius.html]
[www.airbnb.com/s/Curepipe--Mauritius.html]
[www.airbnb.com/s/Esperance--Mauritius.html]
[www.airbnb.com/s/Flacq-District--Mauritius.html]
[www.airbnb.com/s/Flic-En-Flac-Beach--Mauritius.html]
[www.airbnb.com/s/Flic-en-Flac--Mauritius.html]
[www.airbnb.com/s/Floreal--Vacoas_Phoenix--Mauritius.html]
[www.airbnb.com/s/Fond-du-Sac--Mauritius.html]
[www.airbnb.com/s/Goodlands--Mauritius.html]
[www.airbnb.com/s/Grand-Baie--Mauritius.html]
[www.airbnb.com/s/Grand-Gaube--Mauritius.html]
[www.airbnb.com/s/Grand-Port-District--Mauritius.html]
[www.airbnb.com/s/Grand-River-South-East--Mauritius.html]
[www.airbnb.com/s/Grande-Riviere-Noire--Mauritius.html]
[www.airbnb.com/s/La-Gaulette--Mauritius.html]
[www.airbnb.com/s/La-Place-Belgath--Mauritius.html]
[www.airbnb.com/s/La-Preneuse--Mauritius.html]
[www.airbnb.com/s/Le-Bouchon--Mauritius.html]
[www.airbnb.com/s/Le-Morne-Brabant--Mauritius.html]
[www.airbnb.com/s/Le-Morne--Mauritius.html]
[www.airbnb.com/s/Mahebourg--Mauritius.html]
[www.airbnb.com/s/Mapou--Mauritius.html]
[www.airbnb.com/s/Mare-La-Chaux--Mauritius.html]
[www.airbnb.com/s/Moka-District--Mauritius.html]
[www.airbnb.com/s/Moka--Mauritius.html]
[www.airbnb.com/s/Mon-Choisy--Grand-Baie--Mauritius.html]
[www.airbnb.com/s/Morcellement-Saint-Andre--Mauritius.html]
[www.airbnb.com/s/New-Grove--Mauritius.html]
[www.airbnb.com/s/Pamplemousses-District--Mauritius.html]
[www.airbnb.com/s/Pamplemousses--Mauritius.html]
[www.airbnb.com/s/Pereybere--Grand-Baie--Mauritiuseac6.html]
[www.airbnb.com/rooms/24174176.html]
[www.airbnb.com/s/Pereybere--Mauritius.html]
[www.airbnb.com/s/Solanas--Italy.html]
[www.airbnb.com/s/Pereybere--Grand-Baie--Mauritius.html]
[www.airbnb.com/s/Petit-Raffray--Mauritiuseac6.html]
[www.airbnb.com/s/Petit-Raffray--Mauritius.html]
[www.airbnb.com/s/Petite-Pointe-Aux-Piments--Pointe-aux-Piments--Mauritius.html]
[www.airbnb.com/s/Plaine-Des-Papayes--Mauritius.html]
[www.airbnb.com/s/Plaine-Magnien--Mauritius.html]
[www.airbnb.com/s/Plaines-Wilhems-District--Mauritius.html]
[www.airbnb.com/s/Pointe-aux-Biches--Mauritius.html]
[www.airbnb.com/s/Pointe-aux-Cannoniers--Grand-Baie--Mauritius.html]
[www.airbnb.com/s/Pointe-aux-Piments--Mauritius.html]
[www.airbnb.com/s/Pointe-d'Esny--Mauritius.html]
[www.airbnb.com/s/Port-Louis-District--Mauritius.html]
[www.airbnb.com/s/Port-Louis--Mauritius.html]
[www.airbnb.com/s/Port-Mathurin--Mauritius.html]
[www.airbnb.com/s/Poste-Lafayette--Mauritius.html]
[www.airbnb.com/s/Poste-de-Flacq--Mauritius.html]
[www.airbnb.com/s/Poudre-d'Or--Mauritius.html]
[www.airbnb.com/s/Quatre-Bornes--Mauritius.html]
[www.airbnb.com/s/Quatre-Cocos--Mauritius.html]
[www.airbnb.com/s/Riambel--Mauritius.html]
[www.airbnb.com/s/Riviere-des-Creoles--Mauritius.html]
[www.airbnb.com/s/Rivière-Noire-District--Mauritius.html]
[www.airbnb.com/s/Rivière-du-Rempart-District--Mauritius.html]
[www.airbnb.com/s/Rivière-du-Rempart--Mauritius.html]
[www.airbnb.com/s/Roche-Terre--Mauritius.html]
[www.airbnb.com/s/Roches-Noires--Mauritius.html]
[www.airbnb.com/s/Rodrigues-District--Mauritius.html]
[www.airbnb.com/s/Rodrigues--Mauritius.html]
[www.airbnb.com/s/Rose-Belle--Mauritius.html]
[www.airbnb.com/s/Rose-Hill--Beau-Bassin_Rose-Hill--Mauritius.html]
[www.airbnb.com/s/Saint-Julien-d-Hotman--Mauritius.html]
[www.airbnb.com/s/Saint-Pierre--Mauritius.html]
[www.airbnb.com/s/Savanne-District--Mauritius.html]
[www.airbnb.com/s/Tamarin--Mauritius.html]
[www.airbnb.com/s/Tombeau-Bay--Mauritius.html]
[www.airbnb.com/s/Triolet--Mauritius.html]
[www.airbnb.com/s/Trois-Boutiques--Mauritius.html]
[www.airbnb.com/s/Trou-d'Eau-Douce--Mauritius.html]
[www.airbnb.com/s/Trou_aux_Biches--Mauritius.html]
[www.airbnb.com/s/Vacoas_Phoenix--Mauritius.html]
[www.airbnb.com/s/Île-Maurice--Mauritius.html]
[www.airbnb.com/sitemaps/mn-2.html]
[www.airbnb.com/s/Chingeltei--Mongolia.html]
[www.airbnb.com/s/Terelj--Mongolia.html]
[www.airbnb.com/s/Tov--Mongolia.html]
[www.airbnb.com/s/Ulaanbaatar--Mongolia.html]
[www.airbnb.com/s/Өнөр-Хороолол--Mongolia.html]
[www.airbnb.com/sitemaps/ma-2.html]
[www.airbnb.com/s/Abda--Morocco.html]
[www.airbnb.com/s/Agadir--Morocco.html]
[www.airbnb.com/s/Agadir_Ida_Ou-Tanane-Province--Morocco.html]
[www.airbnb.com/s/Agdal--Rabat--Morocco.html]
[www.airbnb.com/s/Agdz--Morocco.html]
[www.airbnb.com/s/Aghmat--Morocco.html]
[www.airbnb.com/s/Aghroud--Morocco.html]
[www.airbnb.com/s/Aghroude--Morocco.html]
[www.airbnb.com/s/Agoudal--Morocco.html]
[www.airbnb.com/s/Agouti--Morocco.html]
[www.airbnb.com/s/Ahfir--Morocco.html]
[www.airbnb.com/s/Ahl-Agadir--Essaouira--Moroccoeac6.html]
[www.airbnb.com/s/Ahl-Agadir--Essaouira--Morocco.html]
[www.airbnb.com/s/Ahmar-Laglalcha--Morocco.html]
[www.airbnb.com/s/Ain-Beda--Morocco.html]
[www.airbnb.com/s/Ain-Cheggag--Morocco.html]
[www.airbnb.com/s/Ain-Chock-Hay-Hassani--Morocco.html]
[www.airbnb.com/s/Ain-El-Aouda--Moroccoeac6.html]
[www.airbnb.com/s/Ain-El-Aouda--Morocco.html]
[www.airbnb.com/s/Ain-Sebaa_Hay-Mohammedi--Morocco.html]
[www.airbnb.com/s/Ain-Taoujdate--Morocco.html]
[www.airbnb.com/s/Ait-Baha--Morocco.html]
[www.airbnb.com/s/Ait-Bihi--Morocco.html]
[www.airbnb.com/s/Ait-Daoud--Morocco.html]
[www.airbnb.com/s/Ait-Khalifa--Morocco.html]
[www.airbnb.com/s/Ait-Melloul--Morocco.html]
[www.airbnb.com/s/Ait-Ourir--Morocco.html]
[www.airbnb.com/s/Ajdir--Morocco.html]
[www.airbnb.com/s/Al-Haouz--Morocco.html]
[www.airbnb.com/s/Al-Hoceima-Province--Morocco.html]
[www.airbnb.com/s/Amizmiz--Morocco.html]
[www.airbnb.com/s/Amsa--Morocco.html]
[www.airbnb.com/s/Annakhil--Marrakech--Morocco.html]
[www.airbnb.com/s/Annakhil--Marrakesh--Morocco.html]
[www.airbnb.com/s/Annla--Morocco.html]
[www.airbnb.com/s/Anza--Morocco.html]
[www.airbnb.com/s/Aouchtame-Bni-Said--Moroccoeac6.html]
[www.airbnb.com/s/Aouchtame-Bni-Said--Morocco.html]
[www.airbnb.com/s/Aoufous--Moroccoeac6.html]
[www.airbnb.com/s/Aoufous--Morocco.html]
[www.airbnb.com/s/Aroumd--Morocco.html]
[www.airbnb.com/s/Asilah--Morocco.html]
[www.airbnb.com/s/Asni--Morocco.html]
[www.airbnb.com/s/Assfalou--Morocco.html]
[www.airbnb.com/s/Awrir--Morocco.html]
[www.airbnb.com/s/Azemmour--Morocco.html]
[www.airbnb.com/s/Azilal--Morocco.html]
[www.airbnb.com/s/Azilane--Morocco.html]
[www.airbnb.com/s/Azla--Morocco.html]
[www.airbnb.com/s/Azrou--Morocco.html]
[www.airbnb.com/s/Aït-Ben-Haddou--Morocco.html]
[www.airbnb.com/s/Aït-Bouguemez--Morocco.html]
[www.airbnb.com/s/Aït-Kaïs-Aomar--Morocco.html]
[www.airbnb.com/s/Bab-Berred--Morocco.html]
[www.airbnb.com/s/Bani-Antar--Essaouira--Morocco.html]
[www.airbnb.com/s/Belyounech--Morocco.html]
[www.airbnb.com/s/Ben-Guerir--Morocco.html]
[www.airbnb.com/s/Ben-Slimane--Morocco.html]
[www.airbnb.com/s/Ben-Yakhlef--Morocco.html]
[www.airbnb.com/s/Bensergao--Agadir--Morocco.html]
[www.airbnb.com/s/Berkane--Morocco.html]
[www.airbnb.com/s/Berrechid--Morocco.html]
[www.airbnb.com/s/Bhalil--Morocco.html]
[www.airbnb.com/s/Bin-El-Ouidane--Morocco.html]
[www.airbnb.com/s/Biougra--Morocco.html]
[www.airbnb.com/s/Bir-Jdid--Morocco.html]
[www.airbnb.com/s/Bir-Rami--Morocco.html]
[www.airbnb.com/s/Bni-Drar--Morocco.html]
[www.airbnb.com/s/Bouderbala--Morocco.html]
[www.airbnb.com/s/Bouknadel--Morocco.html]
[www.airbnb.com/s/Boumalne-Dades--Morocco.html]
[www.airbnb.com/s/Bouskoura--Morocco.html]
[www.airbnb.com/s/Bouzaghlal--Morocco.html]
[www.airbnb.com/s/Bouzama--Morocco.html]
[www.airbnb.com/s/Bouznika--Morocco.html]
[www.airbnb.com/s/Briyech--Morocco.html]
[www.airbnb.com/s/Cabo-Negro--Morocco.html]
[www.airbnb.com/s/Casablanca--Morocco.html]
[www.airbnb.com/s/Centre-Commune-El-Menzeh--Morocco.html]
[www.airbnb.com/s/Centre-Commune-Ouled-Hassoune--Morocco.html]
[www.airbnb.com/s/Centre-Commune-Tafedna--Morocco.html]
[www.airbnb.com/s/Centre-Commune-Tidzi--Morocco.html]
[www.airbnb.com/s/Chaouia_Ouardigha--Morocco.html]
[www.airbnb.com/s/Chefchaouen--Morocco.html]
[www.airbnb.com/s/Chichaoua--Morocco.html]
[www.airbnb.com/s/Chtouka-Ait-Baha-Province--Morocco.html]
[www.airbnb.com/s/Chwiter--Morocco.html]
[www.airbnb.com/s/Cité-Al-Mohammadi--Agadir--Morocco.html]
[www.airbnb.com/s/Cité-Dakhla--Agadir--Morocco.html]
[www.airbnb.com/s/Cité-El-Houda--Agadir--Morocco.html]
[www.airbnb.com/s/Commune-Rurale-Agerd--Morocco.html]
[www.airbnb.com/s/DOMAINES-Agricole-AGAFAY-1--Morocco.html]
[www.airbnb.com/s/Dar-Bouazza--Tamaris--Morocco.html]
[www.airbnb.com/s/Dar-Chaoui--Morocco.html]
[www.airbnb.com/s/Dcheira-El-Jihadia--Morocco.html]
[www.airbnb.com/s/Demnat--Morocco.html]
[www.airbnb.com/s/Deroua--Morocco.html]
[www.airbnb.com/s/Diabat--Morocco.html]
[www.airbnb.com/s/Douar-Ben-Cheikh--Morocco.html]
[www.airbnb.com/s/Douar-Bou-Azza--Morocco.html]
[www.airbnb.com/s/Douar-Kalâa-Beni-Routen--Morocco.html]
[www.airbnb.com/s/Douar-Zemrane--Morocco.html]
[www.airbnb.com/s/Doukkala_Abda--Morocco.html]
[www.airbnb.com/sitemaps/ma2679.html]
[www.airbnb.com/sitemaps/ma4658.html]
[www.airbnb.com/sitemaps/ma9ba9.html]
[www.airbnb.com/sitemaps/mafdb0.html]
[www.airbnb.com/sitemaps/bl-2.html]
[www.airbnb.com/s/Anse-Toiny--Saint-Barthélemy.html]
[www.airbnb.com/s/Anse-de-Marigot--Saint-Barthélemy.html]
[www.airbnb.com/s/Gustavia--Saint-Barthélemy.html]
[www.airbnb.com/s/Morne-Lurin--Saint-Barthélemy.html]
[www.airbnb.com/s/Morne-de-Vitet--Saint-Barthélemy.html]
[www.airbnb.com/s/Plage-de-Corossol--Saint-Barthélemy.html]
[www.airbnb.com/s/Plage-de-Lorient--Saint-Barthélemy.html]
[www.airbnb.com/s/Plage-de-Marigot--Saint-Barthélemyeac6.html]
[www.airbnb.com/s/Plage-de-Marigot--Saint-Barthélemy.html]
[www.airbnb.com/s/Saint-Barthelemy--Saint-Barthélemy.html]
[www.airbnb.com/sitemaps/tc-2.html]
[www.airbnb.com/s/Caicos-Islands--Turks-and-Caicos-Islands.html]
[www.airbnb.com/s/Chalk-Sound--Turks-and-Caicos-Islands.html]
[www.airbnb.com/s/Cooper-Jack-Bay-Settlement--Turks-and-Caicos-Islands.html]
[www.airbnb.com/s/Grace-Bay--Turks-and-Caicos-Islands.html]
[www.airbnb.com/s/Leeward-Settlement--Turks-and-Caicos-Islands.html]
[www.airbnb.com/s/Long-Bay-Hills--Turks-and-Caicos-Islands.html]
[www.airbnb.com/s/North-Caicos--Turks-and-Caicos-Islands.html]
[www.airbnb.com/s/Parrot-Cay--Turks-and-Caicos-Islands.html]
[www.airbnb.com/s/Pine-Cay--Turks-and-Caicos-Islands.html]
[www.airbnb.com/s/Providenciales-and-West-Caicos--Turks-and-Caicos-Islands.html]
[www.airbnb.com/s/Providenciales--Turks-and-Caicos-Islands.html]
[www.airbnb.com/s/Sandy-Point--Turks-and-Caicos-Islands.html]
[www.airbnb.com/s/Sapodilla-Bay--Turks-and-Caicos-Islands.html]
[www.airbnb.com/s/The-Bight-Settlement--Turks-and-Caicos-Islands.html]
[www.airbnb.com/s/Turks-Islands--Turks-and-Caicos-Islands.html]
[www.airbnb.com/s/Turks-and-Caicos-Islands--Turks-and-Caicos-Islands.html]
[www.airbnb.com/s/Turtle-Cove--Turks-and-Caicos-Islands.html]
[www.airbnb.com/s/Venetian-Road-Settlement--Turks-and-Caicos-Islands.html]
[www.airbnb.com/s/Wheeland-Settlement--Turks-and-Caicos-Islands.html]
[www.airbnb.com/s/Whitby--Turks-and-Caicos-Islands.html]
[www.airbnb.com/s/Gurabo--Santiago-De-Los-Caballeros--Dominican-Republiceac6.html]
[www.airbnb.com/s/android-app_/com.airbnb.android/airbnb/s/Gurabo--Santiago-De-Los-Caballeros--Dominican-Republic.html]
[www.airbnb.com/s/Juayua--El-Salvadoreac6.html]
[www.airbnb.com/s/android-app_/com.airbnb.android/airbnb/s/Juayua--El-Salvador.html]
[www.airbnb.com/s/Los-Cobanos--El-Salvadoreac6.html]
[www.airbnb.com/s/android-app_/com.airbnb.android/airbnb/s/Los-Cobanos--El-Salvador.html]
[www.airbnb.com/s/Morazán-Department--El-Salvadoreac6.html]
[www.airbnb.com/s/android-app_/com.airbnb.android/airbnb/s/Morazán-Department--El-Salvador.html]
[www.airbnb.com/s/Ampel--Indonesiaeac6.html]
[www.airbnb.com/s/android-app_/com.airbnb.android/airbnb/s/Ampel--Indonesia.html]
[www.airbnb.com/s/Antapani--Indonesiaeac6.html]
[www.airbnb.com/s/android-app_/com.airbnb.android/airbnb/s/Antapani--Indonesia.html]
[www.airbnb.com/s/Astanaanyar--Indonesiaeac6.html]
[www.airbnb.com/s/android-app_/com.airbnb.android/airbnb/s/Astanaanyar--Indonesia.html]
[www.airbnb.com/s/Bantul--Indonesiaeac6.html]
[www.airbnb.com/s/android-app_/com.airbnb.android/airbnb/s/Bantul--Indonesia.html]
[www.airbnb.com/s/Batam-City--Indonesiaeac6.html]
[www.airbnb.com/s/android-app_/com.airbnb.android/airbnb/s/Batam-City--Indonesia.html]
[www.airbnb.com/s/Belitung--Indonesiaeac6.html]
[www.airbnb.com/s/android-app_/com.airbnb.android/airbnb/s/Belitung--Indonesia.html]
[www.airbnb.com/s/Irbid--Jordaneac6.html]
[www.airbnb.com/s/android-app_/com.airbnb.android/airbnb/s/Irbid--Jordan.html]
[www.airbnb.com/s/Pereybere--Grand-Baie--Mauritiuseac6.html]
[www.airbnb.com/s/android-app_/com.airbnb.android/airbnb/s/Pereybere--Grand-Baie--Mauritius.html]
[www.airbnb.com/indexf98d.html]
[www.airbnb.com/s/Mauritius.html]
[www.airbnb.com/rooms/247077.html]
[www.airbnb.com/rooms/11705403.html]
[www.airbnb.com/rooms/4241937.html]
[www.airbnb.com/rooms/248283.html]
[www.airbnb.com/rooms/5201266.html]
[www.airbnb.com/rooms/21924982.html]
[www.airbnb.com/rooms/13939084.html]
[www.airbnb.com/s/Pereybere--Grand-Baie--Mauritius/homes5af4.html]
[www.airbnb.com/rooms/24481873.html]
[www.airbnb.com/rooms/23989458.html]
[www.airbnb.com/rooms/18471054.html]
[www.airbnb.com/rooms/20793555.html]
[www.airbnb.com/rooms/17127914.html]
[www.airbnb.com/rooms/23056007.html]
[www.airbnb.com/rooms/22662349.html]
[www.airbnb.com/rooms/22364528.html]
[www.airbnb.com/rooms/4640413.html]
[www.airbnb.com/s/PEREYBERE--Mauritius-2.html]
[www.airbnb.com/s/PEREYBERE--Mauritius7e58.html]
[www.airbnb.com/s/PEREYBERE--Mauritiuseb3e.html]
[www.airbnb.com/s/PEREYBERE--Mauritius3664.html]
[www.airbnb.com/s/PEREYBERE--Mauritiusca8d.html]
[www.airbnb.com/s/PEREYBERE--Mauritius3ac7.html]
[www.airbnb.com/s/RiviĂ¨re-Noire-District--Mauritius.html]
[www.airbnb.com/rooms/24174176.html]
[www.airbnb.com/rooms/23158238.html]
[www.airbnb.com/rooms/3617531.html]
[www.airbnb.com/rooms/24173684.html]
[www.airbnb.com/rooms/17678748.html]
[www.airbnb.com/rooms/22045338.html]
[www.airbnb.com/rooms/7933561.html]
[www.airbnb.com/rooms/22556549.html]
[www.airbnb.com/rooms/22502343.html]
[www.airbnb.com/rooms/18207634.html]
[www.airbnb.com/rooms/9609284.html]
[www.airbnb.com/rooms/23403496.html]
[www.airbnb.com/rooms/2393795.html]
[www.airbnb.com/rooms/4640599.html]
[www.airbnb.com/s/Nairobi--Kenya.html]
[www.airbnb.com/s/Johannesburg--South-Africa.html]
[www.airbnb.com/s/Pereybere--Mauritius.html]
[www.airbnb.com/s/Trou-aux-Biches--Mauritius.html]
[www.airbnb.com/s/Solanas--Italy.html]
[www.airbnb.com/s/Argostolion--Greece.html]
[www.airbnb.com/s/Formia--Italy.html]
[www.airbnb.com/s/Cervo--Italy.html]
[www.airbnb.com/s/mallorca--Spain.html]
[www.airbnb.com/s/Petit-Raffray--Mauritiuseac6.html]
[www.airbnb.com/s/android-app_/com.airbnb.android/airbnb/s/Petit-Raffray--Mauritius.html]
[www.airbnb.com/s/Ahl-Agadir--Essaouira--Moroccoeac6.html]
[www.airbnb.com/s/android-app_/com.airbnb.android/airbnb/s/Ahl-Agadir--Essaouira--Morocco.html]
[www.airbnb.com/s/Ain-El-Aouda--Moroccoeac6.html]
[www.airbnb.com/s/android-app_/com.airbnb.android/airbnb/s/Ain-El-Aouda--Morocco.html]
[www.airbnb.com/s/Aouchtame-Bni-Said--Moroccoeac6.html]
[www.airbnb.com/s/android-app_/com.airbnb.android/airbnb/s/Aouchtame-Bni-Said--Morocco.html]
[www.airbnb.com/s/Aoufous--Moroccoeac6.html]
[www.airbnb.com/s/android-app_/com.airbnb.android/airbnb/s/Aoufous--Morocco.html]
[www.airbnb.com/s/Azemmour--Moroccoeac6.html]
[www.airbnb.com/s/android-app_/com.airbnb.android/airbnb/s/Azemmour--Morocco.html]
[www.airbnb.com/s/Chefchaouen--Moroccoeac6.html]
[www.airbnb.com/s/android-app_/com.airbnb.android/airbnb/s/Chefchaouen--Morocco.html]
[www.airbnb.com/s/Plage-de-Marigot--Saint-Barthélemyeac6.html]
[www.airbnb.com/s/android-app_/com.airbnb.android/airbnb/s/Plage-de-Marigot--Saint-Barthélemy.html]
[www.airbnb.com/rooms/android-app_/com.airbnb.android/airbnb/rooms/24174176.html]
[www.airbnb.com/host394d.html]
[www.airbnb.com/signup_login.html]
[www.airbnb.com/s/PEREYBERE--Mauritius-2.html]
[www.airbnb.com/users/show/122220461.html]
[www.airbnb.com/users/show/172121591.html]
[www.airbnb.com/help/article/199.html]
[www.airbnb.com/s/PEREYBERE--Mauritius7e58.html]
[www.airbnb.com/s/PEREYBERE--Mauritiuseb3e.html]
[www.airbnb.com/s/PEREYBERE--Mauritius3664.html]
[www.airbnb.com/s/PEREYBERE--Mauritiusca8d.html]
[www.airbnb.com/s/PEREYBERE--Mauritius3ac7.html]
[www.airbnb.com/s/Selva--Spain.html]
[www.airbnb.com/s/Morjim--India.html]
[www.airbnb.com/s/Gotland-Municipality--Sweden.html]
[www.airbnb.com/s/Sukabumi--Indonesia.html]
[www.airbnb.com/s/Skokie--IL.html]
[www.airbnb.com/s/RiviĂ¨re-Noire-District--Mauritius.html]
[www.airbnb.com/rooms/_mailto_account.disabled@airbnb.com/__account.disabled@airbnb.com_/a_.html]
[www.airbnb.com/rooms/_mailto_account.verify@airbnb.com/__account.verify@airbnb.com_/a_.html]
[www.airbnb.com/rooms/_mailto_account.disable@airbnb.com/__account.disable@airbnb.com_,_airlock.chargeback_appeal_android.introduction.html]
[www.airbnb.com/rooms/_mailto_account.enable@airbnb.com/__account.enable@airbnb.com_/a_.html]
[www.airbnb.com/s/Solanas--Italyeac6.html]
[www.airbnb.com/s/android-app_/com.airbnb.android/airbnb/s/Solanas--Italy.html]
[www.airbnb.com/s/Rivière-Noire-District--Mauritiuseac6.html]
[www.airbnb.com/s/android-app_/com.airbnb.android/airbnb/s/Rivière-Noire-District--Mauritius.html]
